// Jest Snapshot v1, https://goo.gl/fbAQLP

exports[`renders "Home" page 1`] = `
<div
  className="home-page"
>
  <h1>
    Welcome to our page!
  </h1>
  <p>
    Lorem ipsum dolor sit amet consectetur adipisicing elit. Illum amet quod fugit incidunt, possimus ea voluptatibus. Error tenetur quis ullam minus, perferendis dolore ipsam ut dolor ipsa quo commodi nulla? Lorem ipsum dolor sit amet consectetur adipisicing elit. Illum amet quod fugit incidunt, possimus ea voluptatibus. Error tenetur quis ullam minus, perferendis dolore ipsam ut dolor ipsa quo commodi nulla? Lorem ipsum dolor sit amet consectetur adipisicing elit. Illum amet quod fugit incidunt, possimus ea voluptatibus. Error tenetur quis ullam minus, perferendis dolore ipsam ut dolor ipsa quo commodi nulla?
  </p>
  <p>
    Lorem ipsum dolor sit amet consectetur adipisicing elit. Illum amet quod fugit incidunt, possimus ea voluptatibus. Error tenetur quis ullam minus, perferendis dolore ipsam ut dolor ipsa quo commodi nulla? Lorem ipsum dolor sit amet consectetur adipisicing elit. Illum amet quod fugit incidunt, possimus ea voluptatibus. Error tenetur quis ullam minus, perferendis dolore ipsam ut dolor ipsa quo commodi nulla? Lorem ipsum dolor sit amet consectetur adipisicing elit. Illum amet quod fugit incidunt, possimus ea voluptatibus. Error tenetur quis ullam minus, perferendis dolore ipsam ut dolor ipsa quo commodi nulla?
  </p>
</div>
`;

exports[`renders Home page 1`] = `
<div
  className="home-page"
>
  <h1>
    Welcome to our page!
  </h1>
  <p>
    Lorem ipsum dolor sit amet consectetur adipisicing elit. Illum amet quod fugit incidunt, possimus ea voluptatibus. Error tenetur quis ullam minus, perferendis dolore ipsam ut dolor ipsa quo commodi nulla? Lorem ipsum dolor sit amet consectetur adipisicing elit. Illum amet quod fugit incidunt, possimus ea voluptatibus. Error tenetur quis ullam minus, perferendis dolore ipsam ut dolor ipsa quo commodi nulla? Lorem ipsum dolor sit amet consectetur adipisicing elit. Illum amet quod fugit incidunt, possimus ea voluptatibus. Error tenetur quis ullam minus, perferendis dolore ipsam ut dolor ipsa quo commodi nulla?
  </p>
  <p>
    Lorem ipsum dolor sit amet consectetur adipisicing elit. Illum amet quod fugit incidunt, possimus ea voluptatibus. Error tenetur quis ullam minus, perferendis dolore ipsam ut dolor ipsa quo commodi nulla? Lorem ipsum dolor sit amet consectetur adipisicing elit. Illum amet quod fugit incidunt, possimus ea voluptatibus. Error tenetur quis ullam minus, perferendis dolore ipsam ut dolor ipsa quo commodi nulla? Lorem ipsum dolor sit amet consectetur adipisicing elit. Illum amet quod fugit incidunt, possimus ea voluptatibus. Error tenetur quis ullam minus, perferendis dolore ipsam ut dolor ipsa quo commodi nulla?
  </p>
</div>
`;
